#
# A fatal error has been detected by the Java Runtime Environment:
#
#  EXCEPTION_ACCESS_VIOLATION (0xc0000005) at pc=0x00007ffcf6ace2b1, pid=9088, tid=4884
#
# JRE version: Java(TM) SE Runtime Environment (21.0.8+12) (build 21.0.8+12-LTS-250)
# Java VM: Java HotSpot(TM) 64-Bit Server VM (21.0.8+12-LTS-250, mixed mode, sharing, tiered, compressed oops, compressed class ptrs, g1 gc, windows-amd64)
# Problematic frame:
# V  [jvm.dll+0x13e2b1]
#
# No core dump will be written. Minidumps are not enabled by default on client versions of Windows
#
# If you would like to submit a bug report, please visit:
#   https://bugreport.java.com/bugreport/crash.jsp
#

---------------  S U M M A R Y ------------

Command Line: -javaagent:C:\Program Files\JetBrains\IntelliJ IDEA Community Edition 2025.1.3\lib\idea_rt.jar=56341 -Dfile.encoding=UTF-8 -Dsun.stdout.encoding=UTF-8 -Dsun.stderr.encoding=UTF-8 com.RedditClon_Backend.RedditClon_Backend.RedditClonBackendApplication

Host: AMD Ryzen 3 3200G with Radeon Vega Graphics    , 4 cores, 13G,  Windows 11 , 64 bit Build 26100 (10.0.26100.4768)
Time: Fri Aug 22 17:08:15 2025 Hora estándar de Argentina elapsed time: 4.213372 seconds (0d 0h 0m 4s)

---------------  T H R E A D  ---------------

Current thread (0x000001c8cc893d40):  WorkerThread "GC Thread#1"    [id=4884, stack(0x000000b7eb100000,0x000000b7eb200000) (1024K)]

Stack: [0x000000b7eb100000,0x000000b7eb200000],  sp=0x000000b7eb1ff578,  free space=1021k
Native frames: (J=compiled Java code, j=interpreted, Vv=VM code, C=native code)
V  [jvm.dll+0x13e2b1]


siginfo: EXCEPTION_ACCESS_VIOLATION (0xc0000005), reading address 0x0000000000000100


Registers:
RAX=0x0000000000000000, RBX=0x0000000000000001, RCX=0x000001c887000001, RDX=0x000000072f4e8970
RSP=0x000000b7eb1ff578, RBP=0x0000000000000152, RSI=0x000001c8e72cb650, RDI=0x0000000000000000
R8 =0x000001c887000001, R9 =0x0000000000000000, R10=0x0000000000000010, R11=0x0000000000000001
R12=0x0000000000000006, R13=0x000001c887000001, R14=0x000000072f4e8970, R15=0x000001c8ce0fdfb0
RIP=0x00007ffcf6ace2b1, EFLAGS=0x0000000000010246


Register to memory mapping:

RAX=0x0 is null
RBX=0x0000000000000001 is an unknown value
RCX=0x000001c887000001 is pointing into metadata
RDX=
[error occurred during error reporting (printing register info), id 0xc0000005, EXCEPTION_ACCESS_VIOLATION (0xc0000005) at pc=0x00007ffcf6ace2b1]
RSP=0x000000b7eb1ff578 points into unknown readable memory: 0x00007ffcf6ce6bdb | db 6b ce f6 fc 7f 00 00
RBP=0x0000000000000152 is an unknown value
RSI=0x000001c8e72cb650 points into unknown readable memory: 0x0000000000000000 | 00 00 00 00 00 00 00 00
RDI=0x0 is null
R8 =0x000001c887000001 is pointing into metadata
R9 =0x0 is null
R10=0x0000000000000010 is an unknown value
R11=0x0000000000000001 is an unknown value
R12=0x0000000000000006 is an unknown value
R13=0x000001c887000001 is pointing into metadata
R14=
[error occurred during error reporting (printing register info, attempt 2), id 0xc0000005, EXCEPTION_ACCESS_VIOLATION (0xc0000005) at pc=0x00007ffcf6ace2b1]
R15=0x000001c8ce0fdfb0 points into unknown readable memory: 0x00007ffcf736b7b8 | b8 b7 36 f7 fc 7f 00 00

Top of Stack: (sp=0x000000b7eb1ff578)
0x000000b7eb1ff578:   00007ffcf6ce6bdb 0000000000000001
0x000000b7eb1ff588:   0000000000000001 0000000000000001
0x000000b7eb1ff598:   0000000000000003 0000000722cede14
0x000000b7eb1ff5a8:   00007ffcf6ce4f69 0000000000000001
0x000000b7eb1ff5b8:   000001c886d852a0 000001c8ce0fdfb0
0x000000b7eb1ff5c8:   00007ffcf6ce5001 000001c8ce0fe138
0x000000b7eb1ff5d8:   0000000000000000 0000000000000040
0x000000b7eb1ff5e8:   000001c8cc8b2540 0000000000000006
0x000000b7eb1ff5f8:   000001c8ce0fdfb0 000001c8e72cb650
0x000000b7eb1ff608:   0000000000000152 0000000722cf3c3c
0x000000b7eb1ff618:   00007ffcf6ce7e73 0000000721fa0000
0x000000b7eb1ff628:   0000000000000001 000001c800000000
0x000000b7eb1ff638:   0000000000000018 0000000721a4a400
0x000000b7eb1ff648:   0000000000000002 000000b7eb1ff840
0x000000b7eb1ff658:   0000000721a4b048 000000b7eb1ff840
0x000000b7eb1ff668:   00007ffcf6ce452e 000000b7eb1ff6f0
0x000000b7eb1ff678:   000001c8ce0fdfb0 0000000721a49e00
0x000000b7eb1ff688:   0000000000000040 00000000027ed138
0x000000b7eb1ff698:   0000000000000000 0000000000000006
0x000000b7eb1ff6a8:   000000b7eb1ff840 000001c8e7337840
0x000000b7eb1ff6b8:   00007ffcf6cf11fb 0000000000000002
0x000000b7eb1ff6c8:   000001c8e7337840 000000b7eb1ff840
0x000000b7eb1ff6d8:   00007ffcf7054e1f 0000000721a4a400
0x000000b7eb1ff6e8:   0000000000000180 00007ffcf736c9e0
0x000000b7eb1ff6f8:   0000000000000000 000001c8e72c49f0
0x000000b7eb1ff708:   000001c8ce0fdfb0 000000b7eb1ff890
0x000000b7eb1ff718:   00007ffcf719d477 000001c886f2a1b0
0x000000b7eb1ff728:   000001c880a32280 000001c8e72b91a0
0x000000b7eb1ff738:   00007ffcf6cf2e69 000000b7eb1ff7c0
0x000000b7eb1ff748:   00007ffcf6cdb332 0000000000000000
0x000000b7eb1ff758:   000001c880a32258 0000000000000000
0x000000b7eb1ff768:   0000000000000000 000001c8e72c3d30 

Instructions: (pc=0x00007ffcf6ace2b1)
0x00007ffcf6ace1b1:   08 8b 0d d0 1d a8 00 49 d3 e0 4c 03 05 be 1d a8
0x00007ffcf6ace1c1:   00 eb 04 4c 8b 41 08 45 8b 48 08 45 85 c9 7e 0e
0x00007ffcf6ace1d1:   41 f6 c1 01 75 53 41 c1 f9 03 49 63 c1 c3 79 49
0x00007ffcf6ace1e1:   84 c0 41 b8 0c 00 00 00 8b 05 e9 2e a8 00 b9 10
0x00007ffcf6ace1f1:   00 00 00 41 0f 45 c8 ff c8 4c 63 c0 41 8b c1 48
0x00007ffcf6ace201:   c1 f8 10 0f b6 c0 48 63 14 11 41 8b c9 83 e1 3f
0x00007ffcf6ace211:   48 d3 e2 49 8d 0c 10 49 f7 d0 48 03 c1 49 c1 e8
0x00007ffcf6ace221:   03 48 c1 e8 03 49 23 c0 c3 49 8b 00 49 8b c8 48
0x00007ffcf6ace231:   ff a0 00 01 00 00 cc cc cc cc cc cc cc cc cc 4c
0x00007ffcf6ace241:   8b c2 48 8b d1 45 8b 48 08 45 85 c9 7e 0e 41 f6
0x00007ffcf6ace251:   c1 01 75 56 41 c1 f9 03 49 63 c1 c3 79 4c 80 3d
0x00007ffcf6ace261:   54 33 a8 00 00 b8 0c 00 00 00 b9 10 00 00 00 0f
0x00007ffcf6ace271:   45 c8 8b 05 5f 2e a8 00 ff c8 4c 63 c0 41 8b c1
0x00007ffcf6ace281:   48 c1 f8 10 48 63 14 11 41 8b c9 83 e1 3f 0f b6
0x00007ffcf6ace291:   c0 48 d3 e2 49 8d 0c 10 49 f7 d0 48 03 c1 49 c1
0x00007ffcf6ace2a1:   e8 03 48 c1 e8 03 49 23 c0 c3 49 8b 00 49 8b c8
0x00007ffcf6ace2b1:   48 ff a0 00 01 00 00 cc cc cc cc cc cc cc cc 48
0x00007ffcf6ace2c1:   83 ec 28 ba 37 00 00 00 48 8d 0d 88 bb 85 00 e8
0x00007ffcf6ace2d1:   0b 08 14 00 cc cc cc cc cc cc cc cc cc cc cc 40
0x00007ffcf6ace2e1:   53 48 83 ec 20 48 8b d9 49 8b c0 33 c9 45 0f b6
0x00007ffcf6ace2f1:   c1 48 89 0b 48 89 4b 08 48 8b cb 48 89 53 10 48
0x00007ffcf6ace301:   8b d0 e8 a8 09 00 00 48 8b c3 48 83 c4 20 5b c3
0x00007ffcf6ace311:   cc cc cc cc cc cc cc cc cc cc cc cc cc cc cc 40
0x00007ffcf6ace321:   53 48 83 ec 20 33 c0 44 88 41 10 45 0f b6 c1 48
0x00007ffcf6ace331:   89 01 48 89 41 08 48 8b d9 e8 81 0a 00 00 48 8b
0x00007ffcf6ace341:   c3 48 83 c4 20 5b c3 cc cc cc cc cc cc cc cc 40
0x00007ffcf6ace351:   53 48 83 ec 20 33 c0 48 8b d9 48 89 01 48 89 41
0x00007ffcf6ace361:   08 e8 09 0c 00 00 48 8b c3 48 83 c4 20 5b c3 48
0x00007ffcf6ace371:   8b c1 48 8b 09 48 85 c9 74 3c 48 8b 40 08 48 83
0x00007ffcf6ace381:   c0 3f 48 c1 e8 06 48 8d 14 c5 00 00 00 00 48 3b
0x00007ffcf6ace391:   15 3a 39 a8 00 0f 82 54 17 f8 ff 48 8b 05 75 3a
0x00007ffcf6ace3a1:   b0 00 48 ff ca 48 03 d0 48 ff c8 48 f7 d0 48 23 


Stack slot to memory mapping:

stack at sp + 0 slots: 0x00007ffcf6ce6bdb jvm.dll
stack at sp + 1 slots: 0x0000000000000001 is an unknown value
stack at sp + 2 slots: 0x0000000000000001 is an unknown value
stack at sp + 3 slots: 0x0000000000000001 is an unknown value
stack at sp + 4 slots: 0x0000000000000003 is an unknown value
stack at sp + 5 slots: 
[error occurred during error reporting (inspecting top of stack), id 0xc0000005, EXCEPTION_ACCESS_VIOLATION (0xc0000005) at pc=0x00007ffcf6ace246]
stack at sp + 6 slots: 0x00007ffcf6ce4f69 jvm.dll
stack at sp + 7 slots: 0x0000000000000001 is an unknown value


---------------  P R O C E S S  ---------------

Threads class SMR info:
_java_thread_list=0x000001c8cd7270c0, length=13, elements={
0x000001c8e6e5e130, 0x000001c886ef7310, 0x000001c886efac90, 0x000001c886efc990,
0x000001c886eff3f0, 0x000001c886effe40, 0x000001c886f038b0, 0x000001c886f04630,
0x000001c886f58b20, 0x000001c886ed0700, 0x000001c8cc3fe810, 0x000001c8cc43c4a0,
0x000001c8cc43cb00
}

Java Threads: ( => current thread )
  0x000001c8e6e5e130 JavaThread "main"                              [_thread_blocked, id=14752, stack(0x000000b7e9d00000,0x000000b7e9e00000) (1024K)]
  0x000001c886ef7310 JavaThread "Reference Handler"          daemon [_thread_blocked, id=15232, stack(0x000000b7ea500000,0x000000b7ea600000) (1024K)]
  0x000001c886efac90 JavaThread "Finalizer"                  daemon [_thread_blocked, id=756, stack(0x000000b7ea600000,0x000000b7ea700000) (1024K)]
  0x000001c886efc990 JavaThread "Signal Dispatcher"          daemon [_thread_blocked, id=5500, stack(0x000000b7ea700000,0x000000b7ea800000) (1024K)]
  0x000001c886eff3f0 JavaThread "Attach Listener"            daemon [_thread_blocked, id=15028, stack(0x000000b7ea800000,0x000000b7ea900000) (1024K)]
  0x000001c886effe40 JavaThread "Service Thread"             daemon [_thread_blocked, id=13408, stack(0x000000b7ea900000,0x000000b7eaa00000) (1024K)]
  0x000001c886f038b0 JavaThread "Monitor Deflation Thread"   daemon [_thread_blocked, id=6804, stack(0x000000b7eaa00000,0x000000b7eab00000) (1024K)]
  0x000001c886f04630 JavaThread "C2 CompilerThread0"         daemon [_thread_blocked, id=14212, stack(0x000000b7eab00000,0x000000b7eac00000) (1024K)]
  0x000001c886f58b20 JavaThread "C1 CompilerThread0"         daemon [_thread_blocked, id=2124, stack(0x000000b7eac00000,0x000000b7ead00000) (1024K)]
  0x000001c886ed0700 JavaThread "Common-Cleaner"             daemon [_thread_blocked, id=9912, stack(0x000000b7ead00000,0x000000b7eae00000) (1024K)]
  0x000001c8cc3fe810 JavaThread "C2 CompilerThread1"         daemon [_thread_in_native, id=14492, stack(0x000000b7eae00000,0x000000b7eaf00000) (1024K)]
  0x000001c8cc43c4a0 JavaThread "Monitor Ctrl-Break"         daemon [_thread_in_native, id=13904, stack(0x000000b7eaf00000,0x000000b7eb000000) (1024K)]
  0x000001c8cc43cb00 JavaThread "Notification Thread"        daemon [_thread_blocked, id=14712, stack(0x000000b7eb000000,0x000000b7eb100000) (1024K)]
Total: 13

Other Threads:
  0x000001c886edeb80 VMThread "VM Thread"                           [id=14676, stack(0x000000b7ea400000,0x000000b7ea500000) (1024K)]
  0x000001c886ecec50 WatcherThread "VM Periodic Task Thread"        [id=13844, stack(0x000000b7ea300000,0x000000b7ea400000) (1024K)]
  0x000001c8e730f200 WorkerThread "GC Thread#0"                     [id=10648, stack(0x000000b7e9e00000,0x000000b7e9f00000) (1024K)]
=>0x000001c8cc893d40 WorkerThread "GC Thread#1"                     [id=4884, stack(0x000000b7eb100000,0x000000b7eb200000) (1024K)]
  0x000001c8cc8f52a0 WorkerThread "GC Thread#2"                     [id=13616, stack(0x000000b7eb200000,0x000000b7eb300000) (1024K)]
  0x000001c8cc8f5640 WorkerThread "GC Thread#3"                     [id=10908, stack(0x000000b7eb300000,0x000000b7eb400000) (1024K)]
  0x000001c8e731e900 ConcurrentGCThread "G1 Main Marker"            [id=8740, stack(0x000000b7e9f00000,0x000000b7ea000000) (1024K)]
  0x000001c8e731f400 WorkerThread "G1 Conc#0"                       [id=4872, stack(0x000000b7ea000000,0x000000b7ea100000) (1024K)]
  0x000001c886d9e540 ConcurrentGCThread "G1 Refine#0"               [id=1656, stack(0x000000b7ea100000,0x000000b7ea200000) (1024K)]
  0x000001c886d9ef50 ConcurrentGCThread "G1 Service"                [id=14308, stack(0x000000b7ea200000,0x000000b7ea300000) (1024K)]
Total: 10

Threads with active compile tasks:
C2 CompilerThread0     4257 3357       4       org.springframework.core.annotation.MergedAnnotationsCollection$AnnotationsSpliterator::tryAdvance (116 bytes)
C2 CompilerThread1     4257 3341       4       jdk.internal.org.objectweb.asm.SymbolTable::addConstantMemberReference (147 bytes)
Total: 2

VM state: at safepoint (normal execution)

VM Mutex/Monitor currently owned by a thread:  ([mutex/lock_event])
[0x00007ffcf75d0e50] Threads_lock - owner thread: 0x000001c886edeb80
[0x00007ffcf75d0f50] Heap_lock - owner thread: 0x000001c8e6e5e130

Heap address: 0x0000000721600000, size: 3562 MB, Compressed Oops mode: Zero based, Oop shift amount: 3

CDS archive(s) mapped at: [0x000001c887000000-0x000001c887c90000-0x000001c887c90000), size 13172736, SharedBaseAddress: 0x000001c887000000, ArchiveRelocationMode: 1.
Compressed class space mapped at: 0x000001c888000000-0x000001c8c8000000, reserved size: 1073741824
Narrow klass base: 0x000001c887000000, Narrow klass shift: 0, Narrow klass range: 0x100000000

GC Precious Log:
 CardTable entry size: 512
 Card Set container configuration: InlinePtr #cards 4 size 8 Array Of Cards #cards 16 size 48 Howl #buckets 8 coarsen threshold 3686 Howl Bitmap #cards 512 size 80 coarsen threshold 460 Card regions per heap region 1 cards per card region 4096
 CPUs: 4 total, 4 available
 Memory: 14246M
 Large Page Support: Disabled
 NUMA Support: Disabled
 Compressed Oops: Enabled (Zero based)
 Heap Region Size: 2M
 Heap Min Capacity: 8M
 Heap Initial Capacity: 224M
 Heap Max Capacity: 3562M
 Pre-touch: Disabled
 Parallel Workers: 4
 Concurrent Workers: 1
 Concurrent Refinement Workers: 4
 Periodic GC: Disabled

Heap:
 garbage-first heap   total 61440K, used 42989K [0x0000000721600000, 0x0000000800000000)
  region size 2048K, 16 young (32768K), 2 survivors (4096K)
 Metaspace       used 24051K, committed 24448K, reserved 1114112K
  class space    used 3000K, committed 3136K, reserved 1048576K

Heap Regions: E=young(eden), S=young(survivor), O=old, HS=humongous(starts), HC=humongous(continues), CS=collection set, F=free, TAMS=top-at-mark-start, PB=parsable bottom
|   0|0x0000000721600000, 0x0000000721800000, 0x0000000721800000|100%| O|  |TAMS 0x0000000721600000| PB 0x0000000721600000| Untracked 
|   1|0x0000000721800000, 0x0000000721a00000, 0x0000000721a00000|100%| O|  |TAMS 0x0000000721800000| PB 0x0000000721800000| Untracked 
|   2|0x0000000721a00000, 0x0000000721c00000, 0x0000000721c00000|100%| O|  |TAMS 0x0000000721a00000| PB 0x0000000721a00000| Untracked 
|   3|0x0000000721c00000, 0x0000000721c937d0, 0x0000000721e00000| 28%| O|Cm|TAMS 0x0000000721c00000| PB 0x0000000721c00000| Complete 
|   4|0x0000000721e00000, 0x0000000722000000, 0x0000000722000000|100%| O|  |TAMS 0x0000000721e00000| PB 0x0000000721e00000| Untracked 
|   5|0x0000000722000000, 0x0000000722200000, 0x0000000722200000|100%| O|  |TAMS 0x0000000722000000| PB 0x0000000722000000| Untracked 
|   6|0x0000000722200000, 0x0000000722400000, 0x0000000722400000|100%| O|  |TAMS 0x0000000722200000| PB 0x0000000722200000| Untracked 
|   7|0x0000000722400000, 0x0000000722400000, 0x0000000722600000|  0%| F|  |TAMS 0x0000000722400000| PB 0x0000000722400000| Untracked 
|   8|0x0000000722600000, 0x0000000722600000, 0x0000000722800000|  0%| F|  |TAMS 0x0000000722600000| PB 0x0000000722600000| Untracked 
|   9|0x0000000722800000, 0x0000000722800000, 0x0000000722a00000|  0%| F|  |TAMS 0x0000000722800000| PB 0x0000000722800000| Untracked 
|  10|0x0000000722a00000, 0x0000000722b90f80, 0x0000000722c00000| 78%| S|  |TAMS 0x0000000722a00000| PB 0x0000000722a00000| Complete 
|  11|0x0000000722c00000, 0x0000000722e00000, 0x0000000722e00000|100%| S|  |TAMS 0x0000000722c00000| PB 0x0000000722c00000| Complete 
|  12|0x0000000722e00000, 0x0000000723000000, 0x0000000723000000|100%| E|CS|TAMS 0x0000000722e00000| PB 0x0000000722e00000| Complete 
|  13|0x0000000723000000, 0x0000000723200000, 0x0000000723200000|100%| E|CS|TAMS 0x0000000723000000| PB 0x0000000723000000| Complete 
|  14|0x0000000723200000, 0x0000000723400000, 0x0000000723400000|100%| E|CS|TAMS 0x0000000723200000| PB 0x0000000723200000| Complete 
|  15|0x0000000723400000, 0x0000000723600000, 0x0000000723600000|100%| E|CS|TAMS 0x0000000723400000| PB 0x0000000723400000| Complete 
|  16|0x0000000723600000, 0x0000000723800000, 0x0000000723800000|100%| E|CS|TAMS 0x0000000723600000| PB 0x0000000723600000| Complete 
|  17|0x0000000723800000, 0x0000000723a00000, 0x0000000723a00000|100%| E|CS|TAMS 0x0000000723800000| PB 0x0000000723800000| Complete 
|  18|0x0000000723a00000, 0x0000000723c00000, 0x0000000723c00000|100%| E|CS|TAMS 0x0000000723a00000| PB 0x0000000723a00000| Complete 
|  19|0x0000000723c00000, 0x0000000723e00000, 0x0000000723e00000|100%| E|CS|TAMS 0x0000000723c00000| PB 0x0000000723c00000| Complete 
|  20|0x0000000723e00000, 0x0000000724000000, 0x0000000724000000|100%| E|CS|TAMS 0x0000000723e00000| PB 0x0000000723e00000| Complete 
|  21|0x0000000724000000, 0x0000000724200000, 0x0000000724200000|100%| E|CS|TAMS 0x0000000724000000| PB 0x0000000724000000| Complete 
|  22|0x0000000724200000, 0x0000000724400000, 0x0000000724400000|100%| E|CS|TAMS 0x0000000724200000| PB 0x0000000724200000| Complete 
|  23|0x0000000724400000, 0x0000000724600000, 0x0000000724600000|100%| E|CS|TAMS 0x0000000724400000| PB 0x0000000724400000| Complete 
|  24|0x0000000724600000, 0x0000000724800000, 0x0000000724800000|100%| E|CS|TAMS 0x0000000724600000| PB 0x0000000724600000| Complete 
|  81|0x000000072b800000, 0x000000072b967d60, 0x000000072ba00000| 70%| E|CS|TAMS 0x000000072b800000| PB 0x000000072b800000| Complete 
|  82|0x000000072ba00000, 0x000000072bc00000, 0x000000072bc00000|100%| E|CS|TAMS 0x000000072ba00000| PB 0x000000072ba00000| Complete 
|  83|0x000000072bc00000, 0x000000072be00000, 0x000000072be00000|100%| E|CS|TAMS 0x000000072bc00000| PB 0x000000072bc00000| Complete 
|  84|0x000000072be00000, 0x000000072c000000, 0x000000072c000000|100%| E|CS|TAMS 0x000000072be00000| PB 0x000000072be00000| Complete 
| 111|0x000000072f400000, 0x000000072f600000, 0x000000072f600000|100%| E|CS|TAMS 0x000000072f400000| PB 0x000000072f400000| Complete 

Card table byte_map: [0x000001c880a30000,0x000001c881130000] _byte_map_base: 0x000001c87d125000

Marking Bits: (CMBitMap*) 0x000001c8e730f900
 Bits: [0x000001c881130000, 0x000001c8848d8000)

Polling page: 0x000001c8e7020000

Metaspace:

Usage:
  Non-class:     20.56 MB used.
      Class:      2.93 MB used.
       Both:     23.49 MB used.

Virtual space:
  Non-class space:       64.00 MB reserved,      20.81 MB ( 33%) committed,  1 nodes.
      Class space:        1.00 GB reserved,       3.06 MB ( <1%) committed,  1 nodes.
             Both:        1.06 GB reserved,      23.88 MB (  2%) committed. 

Chunk freelists:
   Non-Class:  10.98 MB
       Class:  12.75 MB
        Both:  23.73 MB

MaxMetaspaceSize: unlimited
CompressedClassSpaceSize: 1.00 GB
Initial GC threshold: 21.00 MB
Current GC threshold: 35.12 MB
CDS: on
 - commit_granule_bytes: 65536.
 - commit_granule_words: 8192.
 - virtual_space_node_default_size: 8388608.
 - enlarge_chunks_in_place: 1.
 - use_allocation_guard: 0.


Internal statistics:

num_allocs_failed_limit: 3.
num_arena_births: 448.
num_arena_deaths: 0.
num_vsnodes_births: 2.
num_vsnodes_deaths: 0.
num_space_committed: 382.
num_space_uncommitted: 0.
num_chunks_returned_to_freelist: 3.
num_chunks_taken_from_freelist: 1294.
num_chunk_merges: 3.
num_chunk_splits: 882.
num_chunks_enlarged: 637.
num_inconsistent_stats: 0.

CodeHeap 'non-profiled nmethods': size=120000Kb used=1506Kb max_used=1506Kb free=118494Kb
 bounds [0x000001c8f87c0000, 0x000001c8f8a30000, 0x000001c8ffcf0000]
CodeHeap 'profiled nmethods': size=120000Kb used=7033Kb max_used=7033Kb free=112966Kb
 bounds [0x000001c8f0cf0000, 0x000001c8f13d0000, 0x000001c8f8220000]
CodeHeap 'non-nmethods': size=5760Kb used=1457Kb max_used=1507Kb free=4302Kb
 bounds [0x000001c8f8220000, 0x000001c8f8490000, 0x000001c8f87c0000]
 total_blobs=3927 nmethods=3387 adapters=444
 compilation: enabled
              stopped_count=0, restarted_count=0
 full_count=0

Compilation events (20 events):
Event: 4.165 Thread 0x000001c886f58b20 3385       3       java.util.stream.Streams$ConcatSpliterator::characteristics (56 bytes)
Event: 4.165 Thread 0x000001c886f58b20 nmethod 3385 0x000001c8f13c9b10 code [0x000001c8f13c9d00, 0x000001c8f13ca158]
Event: 4.165 Thread 0x000001c886f58b20 3384       3       java.util.stream.StreamSpliterators$WrappingSpliterator::<init> (8 bytes)
Event: 4.166 Thread 0x000001c886f58b20 nmethod 3384 0x000001c8f13ca290 code [0x000001c8f13ca440, 0x000001c8f13ca708]
Event: 4.166 Thread 0x000001c886f58b20 3386       3       sun.reflect.annotation.AnnotationParser::parseArrayElements (105 bytes)
Event: 4.167 Thread 0x000001c886f58b20 nmethod 3386 0x000001c8f13ca810 code [0x000001c8f13caa40, 0x000001c8f13cb330]
Event: 4.167 Thread 0x000001c886f58b20 3387       1       org.springframework.beans.factory.support.AbstractBeanDefinition::isPrimary (5 bytes)
Event: 4.167 Thread 0x000001c886f58b20 nmethod 3387 0x000001c8f8938210 code [0x000001c8f89383a0, 0x000001c8f8938470]
Event: 4.168 Thread 0x000001c886f58b20 3389       3       org.springframework.beans.factory.support.AbstractBeanFactory::isFactoryBean (71 bytes)
Event: 4.169 Thread 0x000001c886f58b20 nmethod 3389 0x000001c8f13cb590 code [0x000001c8f13cb840, 0x000001c8f13cc8e0]
Event: 4.169 Thread 0x000001c886f58b20 3390       3       java.util.concurrent.CopyOnWriteArrayList::<init> (24 bytes)
Event: 4.169 Thread 0x000001c886f58b20 nmethod 3390 0x000001c8f13ccd10 code [0x000001c8f13ccec0, 0x000001c8f13cd260]
Event: 4.171 Thread 0x000001c886f58b20 3391       3       org.springframework.core.annotation.TypeMappedAnnotations::scan (66 bytes)
Event: 4.172 Thread 0x000001c886f58b20 nmethod 3391 0x000001c8f13cd390 code [0x000001c8f13cd580, 0x000001c8f13cd990]
Event: 4.176 Thread 0x000001c886f58b20 3392       1       org.springframework.beans.factory.support.AbstractBeanDefinition::getFactoryMethodName (5 bytes)
Event: 4.176 Thread 0x000001c886f58b20 nmethod 3392 0x000001c8f8938510 code [0x000001c8f89386a0, 0x000001c8f8938770]
Event: 4.180 Thread 0x000001c886f58b20 3393       3       org.springframework.core.annotation.TypeMappedAnnotation$$Lambda/0x000001c88808d000::extract (6 bytes)
Event: 4.180 Thread 0x000001c886f58b20 nmethod 3393 0x000001c8f13cda90 code [0x000001c8f13cdc40, 0x000001c8f13cdd80]
Event: 4.182 Thread 0x000001c886f58b20 3394       3       org.springframework.boot.autoconfigure.condition.ConditionMessage$Builder::didNotFind (17 bytes)
Event: 4.182 Thread 0x000001c886f58b20 nmethod 3394 0x000001c8f13cde10 code [0x000001c8f13cdfe0, 0x000001c8f13ce410]

GC Heap History (9 events):
Event: 0.876 GC heap before
{Heap before GC invocations=0 (full 0):
 garbage-first heap   total 229376K, used 10240K [0x0000000721600000, 0x0000000800000000)
  region size 2048K, 6 young (12288K), 0 survivors (0K)
 Metaspace       used 1954K, committed 2112K, reserved 1114112K
  class space    used 163K, committed 256K, reserved 1048576K
}
Event: 0.881 GC heap after
{Heap after GC invocations=1 (full 0):
 garbage-first heap   total 229376K, used 6635K [0x0000000721600000, 0x0000000800000000)
  region size 2048K, 1 young (2048K), 1 survivors (2048K)
 Metaspace       used 1954K, committed 2112K, reserved 1114112K
  class space    used 163K, committed 256K, reserved 1048576K
}
Event: 1.340 GC heap before
{Heap before GC invocations=1 (full 0):
 garbage-first heap   total 229376K, used 14827K [0x0000000721600000, 0x0000000800000000)
  region size 2048K, 5 young (10240K), 1 survivors (2048K)
 Metaspace       used 4773K, committed 4992K, reserved 1114112K
  class space    used 529K, committed 640K, reserved 1048576K
}
Event: 1.342 GC heap after
{Heap after GC invocations=2 (full 0):
 garbage-first heap   total 229376K, used 7949K [0x0000000721600000, 0x0000000800000000)
  region size 2048K, 1 young (2048K), 1 survivors (2048K)
 Metaspace       used 4773K, committed 4992K, reserved 1114112K
  class space    used 529K, committed 640K, reserved 1048576K
}
Event: 2.197 GC heap before
{Heap before GC invocations=2 (full 0):
 garbage-first heap   total 229376K, used 28429K [0x0000000721600000, 0x0000000800000000)
  region size 2048K, 12 young (24576K), 1 survivors (2048K)
 Metaspace       used 10961K, committed 11264K, reserved 1114112K
  class space    used 1392K, committed 1536K, reserved 1048576K
}
Event: 2.201 GC heap after
{Heap after GC invocations=3 (full 0):
 garbage-first heap   total 229376K, used 9872K [0x0000000721600000, 0x0000000800000000)
  region size 2048K, 2 young (4096K), 2 survivors (4096K)
 Metaspace       used 10961K, committed 11264K, reserved 1114112K
  class space    used 1392K, committed 1536K, reserved 1048576K
}
Event: 3.310 GC heap before
{Heap before GC invocations=3 (full 0):
 garbage-first heap   total 229376K, used 56976K [0x0000000721600000, 0x0000000800000000)
  region size 2048K, 27 young (55296K), 2 survivors (4096K)
 Metaspace       used 21146K, committed 21504K, reserved 1114112K
  class space    used 2641K, committed 2816K, reserved 1048576K
}
Event: 3.318 GC heap after
{Heap after GC invocations=4 (full 0):
 garbage-first heap   total 229376K, used 14317K [0x0000000721600000, 0x0000000800000000)
  region size 2048K, 4 young (8192K), 4 survivors (8192K)
 Metaspace       used 21146K, committed 21504K, reserved 1114112K
  class space    used 2641K, committed 2816K, reserved 1048576K
}
Event: 4.184 GC heap before
{Heap before GC invocations=5 (full 0):
 garbage-first heap   total 61440K, used 42989K [0x0000000721600000, 0x0000000800000000)
  region size 2048K, 18 young (36864K), 4 survivors (8192K)
 Metaspace       used 24051K, committed 24448K, reserved 1114112K
  class space    used 3000K, committed 3136K, reserved 1048576K
}

Dll operation events (10 events):
Event: 0.048 Loaded shared library C:\Program Files\Java\jdk-21\bin\java.dll
Event: 0.159 Loaded shared library C:\Program Files\Java\jdk-21\bin\jsvml.dll
Event: 0.563 Loaded shared library C:\Program Files\Java\jdk-21\bin\zip.dll
Event: 0.569 Loaded shared library C:\Program Files\Java\jdk-21\bin\instrument.dll
Event: 0.577 Loaded shared library C:\Program Files\Java\jdk-21\bin\net.dll
Event: 0.580 Loaded shared library C:\Program Files\Java\jdk-21\bin\nio.dll
Event: 0.586 Loaded shared library C:\Program Files\Java\jdk-21\bin\zip.dll
Event: 0.753 Loaded shared library C:\Program Files\Java\jdk-21\bin\extnet.dll
Event: 0.802 Loaded shared library C:\Program Files\Java\jdk-21\bin\jimage.dll
Event: 3.532 Loaded shared library C:\Program Files\Java\jdk-21\bin\sunmscapi.dll

Deoptimization events (20 events):
Event: 4.052 Thread 0x000001c8e6e5e130 Uncommon trap: trap_request=0xffffffde fr.pc=0x000001c8f891f6ec relative=0x000000000000134c
Event: 4.052 Thread 0x000001c8e6e5e130 Uncommon trap: reason=class_check action=maybe_recompile pc=0x000001c8f891f6ec method=org.springframework.core.annotation.MergedAnnotationsCollection$AnnotationsSpliterator.tryAdvance(Ljava/util/function/Consumer;)Z @ 107 c2
Event: 4.052 Thread 0x000001c8e6e5e130 DEOPT PACKING pc=0x000001c8f891f6ec sp=0x000000b7e9dfe9b0
Event: 4.052 Thread 0x000001c8e6e5e130 DEOPT UNPACKING pc=0x000001c8f82746a2 sp=0x000000b7e9dfe9c8 mode 2
Event: 4.065 Thread 0x000001c8e6e5e130 Uncommon trap: trap_request=0xffffffde fr.pc=0x000001c8f891f6ec relative=0x000000000000134c
Event: 4.065 Thread 0x000001c8e6e5e130 Uncommon trap: reason=class_check action=maybe_recompile pc=0x000001c8f891f6ec method=org.springframework.core.annotation.MergedAnnotationsCollection$AnnotationsSpliterator.tryAdvance(Ljava/util/function/Consumer;)Z @ 107 c2
Event: 4.065 Thread 0x000001c8e6e5e130 DEOPT PACKING pc=0x000001c8f891f6ec sp=0x000000b7e9dfe9b0
Event: 4.065 Thread 0x000001c8e6e5e130 DEOPT UNPACKING pc=0x000001c8f82746a2 sp=0x000000b7e9dfe9c8 mode 2
Event: 4.080 Thread 0x000001c8e6e5e130 Uncommon trap: trap_request=0xffffffde fr.pc=0x000001c8f891f6ec relative=0x000000000000134c
Event: 4.080 Thread 0x000001c8e6e5e130 Uncommon trap: reason=class_check action=maybe_recompile pc=0x000001c8f891f6ec method=org.springframework.core.annotation.MergedAnnotationsCollection$AnnotationsSpliterator.tryAdvance(Ljava/util/function/Consumer;)Z @ 107 c2
Event: 4.080 Thread 0x000001c8e6e5e130 DEOPT PACKING pc=0x000001c8f891f6ec sp=0x000000b7e9dfe980
Event: 4.080 Thread 0x000001c8e6e5e130 DEOPT UNPACKING pc=0x000001c8f82746a2 sp=0x000000b7e9dfe998 mode 2
Event: 4.087 Thread 0x000001c8e6e5e130 Uncommon trap: trap_request=0xffffffde fr.pc=0x000001c8f891f6ec relative=0x000000000000134c
Event: 4.087 Thread 0x000001c8e6e5e130 Uncommon trap: reason=class_check action=maybe_recompile pc=0x000001c8f891f6ec method=org.springframework.core.annotation.MergedAnnotationsCollection$AnnotationsSpliterator.tryAdvance(Ljava/util/function/Consumer;)Z @ 107 c2
Event: 4.087 Thread 0x000001c8e6e5e130 DEOPT PACKING pc=0x000001c8f891f6ec sp=0x000000b7e9dfea10
Event: 4.087 Thread 0x000001c8e6e5e130 DEOPT UNPACKING pc=0x000001c8f82746a2 sp=0x000000b7e9dfea28 mode 2
Event: 4.088 Thread 0x000001c8e6e5e130 Uncommon trap: trap_request=0xffffffde fr.pc=0x000001c8f88e52c4 relative=0x00000000000004c4
Event: 4.088 Thread 0x000001c8e6e5e130 Uncommon trap: reason=class_check action=maybe_recompile pc=0x000001c8f88e52c4 method=java.lang.String.equals(Ljava/lang/Object;)Z @ 8 c2
Event: 4.088 Thread 0x000001c8e6e5e130 DEOPT PACKING pc=0x000001c8f88e52c4 sp=0x000000b7e9dfe930
Event: 4.088 Thread 0x000001c8e6e5e130 DEOPT UNPACKING pc=0x000001c8f82746a2 sp=0x000000b7e9dfe7f8 mode 2

Classes loaded (20 events):
Event: 3.518 Loading class java/security/AuthProvider
Event: 3.518 Loading class java/security/AuthProvider done
Event: 3.520 Loading class java/security/PrivilegedActionException
Event: 3.520 Loading class java/security/PrivilegedActionException done
Event: 3.520 Loading class javax/security/auth/login/FailedLoginException
Event: 3.520 Loading class javax/security/auth/login/FailedLoginException done
Event: 3.521 Loading class javax/security/auth/Subject
Event: 3.521 Loading class javax/security/auth/Subject done
Event: 3.521 Loading class javax/security/auth/callback/CallbackHandler
Event: 3.522 Loading class javax/security/auth/callback/CallbackHandler done
Event: 3.541 Loading class com/sun/security/sasl/Provider
Event: 3.541 Loading class com/sun/security/sasl/Provider done
Event: 3.542 Loading class com/sun/security/sasl/Provider$1
Event: 3.542 Loading class com/sun/security/sasl/Provider$1 done
Event: 3.542 Loading class com/sun/security/sasl/Provider$ProviderService
Event: 3.542 Loading class com/sun/security/sasl/Provider$ProviderService done
Event: 3.543 Loading class sun/security/provider/certpath/ldap/JdkLDAP
Event: 3.543 Loading class sun/security/provider/certpath/ldap/JdkLDAP done
Event: 3.544 Loading class sun/security/provider/certpath/ldap/JdkLDAP$ProviderService
Event: 3.544 Loading class sun/security/provider/certpath/ldap/JdkLDAP$ProviderService done

Classes unloaded (0 events):
No events

Classes redefined (0 events):
No events

Internal exceptions (20 events):
Event: 1.740 Thread 0x000001c8e6e5e130 Exception <a 'java/lang/NoSuchMethodError'{0x000000072eb0f098}: 'int java.lang.invoke.DirectMethodHandle$Holder.invokeSpecialIFC(java.lang.Object, java.lang.Object, java.lang.Object, java.lang.Object)'> (0x000000072eb0f098) 
thrown [s\open\src\hotspot\share\interpreter\linkResolver.cpp, line 773]
Event: 1.774 Thread 0x000001c8e6e5e130 Exception <a 'java/lang/NoSuchMethodError'{0x000000072ebb98f0}: 'void java.lang.invoke.DirectMethodHandle$Holder.invokeInterface(java.lang.Object, java.lang.Object, java.lang.Object)'> (0x000000072ebb98f0) 
thrown [s\open\src\hotspot\share\interpreter\linkResolver.cpp, line 773]
Event: 1.804 Thread 0x000001c8e6e5e130 Exception <a 'java/lang/NoSuchMethodError'{0x000000072e8434d0}: 'void java.lang.invoke.DirectMethodHandle$Holder.invokeStaticInit(java.lang.Object, java.lang.Object, java.lang.Object)'> (0x000000072e8434d0) 
thrown [s\open\src\hotspot\share\interpreter\linkResolver.cpp, line 773]
Event: 1.815 Thread 0x000001c8e6e5e130 Exception <a 'java/lang/NoSuchMethodError'{0x000000072e87b5b0}: 'java.lang.Object java.lang.invoke.DirectMethodHandle$Holder.invokeStaticInit(java.lang.Object, int)'> (0x000000072e87b5b0) 
thrown [s\open\src\hotspot\share\interpreter\linkResolver.cpp, line 773]
Event: 1.819 Thread 0x000001c8e6e5e130 Exception <a 'java/lang/NoSuchMethodError'{0x000000072e8856b0}: 'java.lang.Object java.lang.invoke.DirectMethodHandle$Holder.invokeStatic(java.lang.Object, int, java.lang.Object)'> (0x000000072e8856b0) 
thrown [s\open\src\hotspot\share\interpreter\linkResolver.cpp, line 773]
Event: 1.819 Thread 0x000001c8e6e5e130 Exception <a 'java/lang/NoSuchMethodError'{0x000000072e888d10}: 'java.lang.Object java.lang.invoke.DirectMethodHandle$Holder.invokeStaticInit(java.lang.Object, int, java.lang.Object)'> (0x000000072e888d10) 
thrown [s\open\src\hotspot\share\interpreter\linkResolver.cpp, line 773]
Event: 1.828 Thread 0x000001c8e6e5e130 Exception <a 'java/lang/NoSuchMethodError'{0x000000072e8a6eb0}: 'java.lang.Object java.lang.invoke.DirectMethodHandle$Holder.invokeVirtual(java.lang.Object, java.lang.Object, java.lang.Object)'> (0x000000072e8a6eb0) 
thrown [s\open\src\hotspot\share\interpreter\linkResolver.cpp, line 773]
Event: 1.866 Thread 0x000001c8e6e5e130 Exception <a 'java/lang/NoSuchMethodError'{0x000000072e96ae58}: 'void java.lang.invoke.DirectMethodHandle$Holder.invokeVirtual(java.lang.Object, java.lang.Object, java.lang.Object, java.lang.Object)'> (0x000000072e96ae58) 
thrown [s\open\src\hotspot\share\interpreter\linkResolver.cpp, line 773]
Event: 1.982 Thread 0x000001c8e6e5e130 Exception <a 'java/lang/NoSuchMethodError'{0x000000072e7ae990}: 'java.lang.Object java.lang.invoke.Invokers$Holder.invoke_MT(java.lang.Object, java.lang.Object, java.lang.Object, java.lang.Object, java.lang.Object, java.lang.Object, java.lang.Object, java.lang.Object, java.lang.Object)'> (0x000000072e7ae990) 
thrown [s\open\src\hotspot\share\interpreter\linkResolver.cpp, line 773]
Event: 1.989 Thread 0x000001c8e6e5e130 Exception <a 'java/lang/NoSuchMethodError'{0x000000072e42b848}: 'java.lang.reflect.Field[] java.lang.Class.getDeclaredFields(java.lang.Class)'> (0x000000072e42b848) 
thrown [s\open\src\hotspot\share\interpreter\linkResolver.cpp, line 773]
Event: 2.004 Thread 0x000001c8e6e5e130 Exception <a 'java/lang/IncompatibleClassChangeError'{0x000000072e498358}: Found class java.lang.Object, but interface was expected> (0x000000072e498358) 
thrown [s\open\src\hotspot\share\interpreter\linkResolver.cpp, line 840]
Event: 2.478 Thread 0x000001c8e6e5e130 Exception <a 'java/lang/NoSuchMethodError'{0x000000072ea6bfa0}: 'int java.lang.invoke.DirectMethodHandle$Holder.invokeSpecial(java.lang.Object, java.lang.Object, java.lang.Object, java.lang.Object, java.lang.Object)'> (0x000000072ea6bfa0) 
thrown [s\open\src\hotspot\share\interpreter\linkResolver.cpp, line 773]
Event: 2.482 Thread 0x000001c8e6e5e130 Exception <a 'java/lang/NoSuchMethodError'{0x000000072ea745e0}: 'void java.lang.invoke.DirectMethodHandle$Holder.invokeVirtual(java.lang.Object, java.lang.Object)'> (0x000000072ea745e0) 
thrown [s\open\src\hotspot\share\interpreter\linkResolver.cpp, line 773]
Event: 2.777 Thread 0x000001c8e6e5e130 Exception <a 'java/lang/IncompatibleClassChangeError'{0x000000072d61ebd0}: Found class java.lang.Object, but interface was expected> (0x000000072d61ebd0) 
thrown [s\open\src\hotspot\share\interpreter\linkResolver.cpp, line 840]
Event: 3.287 Thread 0x000001c8cd0c62f0 Exception <a 'java/lang/NoSuchMethodError'{0x000000072c38f8e0}: 'long java.lang.invoke.DirectMethodHandle$Holder.invokeSpecial(java.lang.Object, java.lang.Object)'> (0x000000072c38f8e0) 
thrown [s\open\src\hotspot\share\interpreter\linkResolver.cpp, line 773]
Event: 3.290 Thread 0x000001c8cd0c62f0 Exception <a 'java/lang/NoSuchMethodError'{0x000000072c399450}: 'long java.lang.invoke.DirectMethodHandle$Holder.invokeStatic(java.lang.Object, java.lang.Object)'> (0x000000072c399450) 
thrown [s\open\src\hotspot\share\interpreter\linkResolver.cpp, line 773]
Event: 3.290 Thread 0x000001c8cd0c62f0 Exception <a 'java/lang/NoSuchMethodError'{0x000000072c39c518}: 'long java.lang.invoke.DirectMethodHandle$Holder.invokeStaticInit(java.lang.Object, java.lang.Object)'> (0x000000072c39c518) 
thrown [s\open\src\hotspot\share\interpreter\linkResolver.cpp, line 773]
Event: 3.292 Thread 0x000001c8cd0c62f0 Exception <a 'java/lang/NoSuchMethodError'{0x000000072c3a8408}: 'long java.lang.invoke.DirectMethodHandle$Holder.invokeInterface(java.lang.Object, java.lang.Object)'> (0x000000072c3a8408) 
thrown [s\open\src\hotspot\share\interpreter\linkResolver.cpp, line 773]
Event: 3.293 Thread 0x000001c8cd0c62f0 Exception <a 'java/lang/IncompatibleClassChangeError'{0x000000072c002038}: Found class java.lang.Object, but interface was expected> (0x000000072c002038) 
thrown [s\open\src\hotspot\share\interpreter\linkResolver.cpp, line 840]
Event: 3.300 Thread 0x000001c8cd0c62f0 Exception <a 'java/lang/NoSuchMethodError'{0x000000072c01acb8}: 'java.lang.Object java.lang.invoke.DirectMethodHandle$Holder.invokeVirtual(java.lang.Object, java.lang.Object, java.lang.Object, java.lang.Object)'> (0x000000072c01acb8) 
thrown [s\open\src\hotspot\share\interpreter\linkResolver.cpp, line 773]

ZGC Phase Switch (0 events):
No events

VM Operations (20 events):
Event: 2.909 Executing VM operation: ICBufferFull done
Event: 3.310 Executing VM operation: CollectForMetadataAllocation (Metadata GC Threshold)
Event: 3.318 Executing VM operation: CollectForMetadataAllocation (Metadata GC Threshold) done
Event: 3.325 Executing VM operation: G1PauseRemark
Event: 3.327 Executing VM operation: G1PauseRemark done
Event: 3.328 Executing VM operation: G1PauseCleanup
Event: 3.329 Executing VM operation: G1PauseCleanup done
Event: 3.452 Executing VM operation: HandshakeAllThreads (Deoptimize)
Event: 3.452 Executing VM operation: HandshakeAllThreads (Deoptimize) done
Event: 3.497 Executing VM operation: HandshakeAllThreads (Deoptimize)
Event: 3.497 Executing VM operation: HandshakeAllThreads (Deoptimize) done
Event: 3.618 Executing VM operation: ICBufferFull
Event: 3.618 Executing VM operation: ICBufferFull done
Event: 3.865 Executing VM operation: HandshakeAllThreads (Deoptimize)
Event: 3.865 Executing VM operation: HandshakeAllThreads (Deoptimize) done
Event: 4.065 Executing VM operation: HandshakeAllThreads (Deoptimize)
Event: 4.065 Executing VM operation: HandshakeAllThreads (Deoptimize) done
Event: 4.084 Executing VM operation: ICBufferFull
Event: 4.085 Executing VM operation: ICBufferFull done
Event: 4.184 Executing VM operation: G1CollectForAllocation (G1 Evacuation Pause)

Events (17 events):
Event: 0.071 Thread 0x000001c8e6e5e130 Thread added: 0x000001c8e6e5e130
Event: 0.144 Thread 0x000001c886ef7310 Thread added: 0x000001c886ef7310
Event: 0.145 Thread 0x000001c886efac90 Thread added: 0x000001c886efac90
Event: 0.153 Thread 0x000001c886efc990 Thread added: 0x000001c886efc990
Event: 0.153 Thread 0x000001c886eff3f0 Thread added: 0x000001c886eff3f0
Event: 0.153 Thread 0x000001c886effe40 Thread added: 0x000001c886effe40
Event: 0.154 Thread 0x000001c886f038b0 Thread added: 0x000001c886f038b0
Event: 0.154 Thread 0x000001c886f04630 Thread added: 0x000001c886f04630
Event: 0.172 Thread 0x000001c886f58b20 Thread added: 0x000001c886f58b20
Event: 0.533 Thread 0x000001c886ed0700 Thread added: 0x000001c886ed0700
Event: 0.618 Thread 0x000001c8cc3fe810 Thread added: 0x000001c8cc3fe810
Event: 0.740 Thread 0x000001c8cc43c4a0 Thread added: 0x000001c8cc43c4a0
Event: 0.740 Thread 0x000001c8cc43cb00 Thread added: 0x000001c8cc43cb00
Event: 1.979 Thread 0x000001c8cd0c62f0 Thread added: 0x000001c8cd0c62f0
Event: 2.593 Thread 0x000001c8cdab7bc0 Thread added: 0x000001c8cdab7bc0
Event: 2.743 Thread 0x000001c8cdab7bc0 Thread exited: 0x000001c8cdab7bc0
Event: 3.548 Thread 0x000001c8cd0c62f0 Thread exited: 0x000001c8cd0c62f0


Dynamic libraries:
0x00007ff772e30000 - 0x00007ff772e40000 	C:\Program Files\Java\jdk-21\bin\java.exe
0x00007ffd8f2a0000 - 0x00007ffd8f507000 	C:\WINDOWS\SYSTEM32\ntdll.dll
0x00007ffd8e340000 - 0x00007ffd8e409000 	C:\WINDOWS\System32\KERNEL32.DLL
0x00007ffd8c7e0000 - 0x00007ffd8cbd0000 	C:\WINDOWS\System32\KERNELBASE.dll
0x00007ffd8cc10000 - 0x00007ffd8cd5b000 	C:\WINDOWS\System32\ucrtbase.dll
0x00007ffd772e0000 - 0x00007ffd772f9000 	C:\Program Files\Java\jdk-21\bin\jli.dll
0x00007ffd8eb20000 - 0x00007ffd8ebd4000 	C:\WINDOWS\System32\ADVAPI32.dll
0x00007ffd8d390000 - 0x00007ffd8d439000 	C:\WINDOWS\System32\msvcrt.dll
0x00007ffd8e8c0000 - 0x00007ffd8e966000 	C:\WINDOWS\System32\sechost.dll
0x00007ffd8e220000 - 0x00007ffd8e338000 	C:\WINDOWS\System32\RPCRT4.dll
0x00007ffd77230000 - 0x00007ffd7724b000 	C:\Program Files\Java\jdk-21\bin\VCRUNTIME140.dll
0x00007ffd8d1a0000 - 0x00007ffd8d365000 	C:\WINDOWS\System32\USER32.dll
0x00007ffd8cbe0000 - 0x00007ffd8cc07000 	C:\WINDOWS\System32\win32u.dll
0x00007ffd8f140000 - 0x00007ffd8f16b000 	C:\WINDOWS\System32\GDI32.dll
0x00007ffd8c460000 - 0x00007ffd8c598000 	C:\WINDOWS\System32\gdi32full.dll
0x00007ffd8ce00000 - 0x00007ffd8cea3000 	C:\WINDOWS\System32\msvcp_win.dll
0x00007ffd79930000 - 0x00007ffd79bca000 	C:\WINDOWS\WinSxS\amd64_microsoft.windows.common-controls_6595b64144ccf1df_6.0.26100.4768_none_3e0c112ce331287c\COMCTL32.dll
0x00007ffd84d30000 - 0x00007ffd84d3b000 	C:\WINDOWS\SYSTEM32\VERSION.dll
0x00007ffd8e0b0000 - 0x00007ffd8e0df000 	C:\WINDOWS\System32\IMM32.DLL
0x00007ffd772d0000 - 0x00007ffd772dc000 	C:\Program Files\Java\jdk-21\bin\vcruntime140_1.dll
0x00007ffd5a770000 - 0x00007ffd5a7fe000 	C:\Program Files\Java\jdk-21\bin\msvcp140.dll
0x00007ffcf6990000 - 0x00007ffcf76ad000 	C:\Program Files\Java\jdk-21\bin\server\jvm.dll
0x00007ffd8ef70000 - 0x00007ffd8efe4000 	C:\WINDOWS\System32\WS2_32.dll
0x00007ffd8c250000 - 0x00007ffd8c2ae000 	C:\WINDOWS\SYSTEM32\POWRPROF.dll
0x00007ffd84cb0000 - 0x00007ffd84ce5000 	C:\WINDOWS\SYSTEM32\WINMM.dll
0x00007ffd8c230000 - 0x00007ffd8c244000 	C:\WINDOWS\SYSTEM32\UMPDC.dll
0x00007ffd8b110000 - 0x00007ffd8b12b000 	C:\WINDOWS\SYSTEM32\kernel.appcore.dll
0x00007ffd5b330000 - 0x00007ffd5b33a000 	C:\Program Files\Java\jdk-21\bin\jimage.dll
0x00007ffd894c0000 - 0x00007ffd89701000 	C:\WINDOWS\SYSTEM32\DBGHELP.DLL
0x00007ffd8ebe0000 - 0x00007ffd8ef65000 	C:\WINDOWS\System32\combase.dll
0x00007ffd8e9f0000 - 0x00007ffd8ead0000 	C:\WINDOWS\System32\OLEAUT32.dll
0x00007ffd6aa20000 - 0x00007ffd6aa63000 	C:\WINDOWS\SYSTEM32\dbgcore.DLL
0x00007ffd8cd60000 - 0x00007ffd8cdf9000 	C:\WINDOWS\System32\bcryptPrimitives.dll
0x00007ffd5b320000 - 0x00007ffd5b32f000 	C:\Program Files\Java\jdk-21\bin\instrument.dll
0x00007ffd5b300000 - 0x00007ffd5b31f000 	C:\Program Files\Java\jdk-21\bin\java.dll
0x00007ffd8d670000 - 0x00007ffd8ddbd000 	C:\WINDOWS\System32\SHELL32.dll
0x00007ffd8c660000 - 0x00007ffd8c7d3000 	C:\WINDOWS\System32\wintypes.dll
0x00007ffd89f90000 - 0x00007ffd8a7f0000 	C:\WINDOWS\SYSTEM32\windows.storage.dll
0x00007ffd8ddc0000 - 0x00007ffd8deb5000 	C:\WINDOWS\System32\SHCORE.dll
0x00007ffd8e1a0000 - 0x00007ffd8e20a000 	C:\WINDOWS\System32\shlwapi.dll
0x00007ffd8c2f0000 - 0x00007ffd8c319000 	C:\WINDOWS\SYSTEM32\profapi.dll
0x00007ffd3dac0000 - 0x00007ffd3db97000 	C:\Program Files\Java\jdk-21\bin\jsvml.dll
0x00007ffd77210000 - 0x00007ffd77228000 	C:\Program Files\Java\jdk-21\bin\zip.dll
0x00007ffd64820000 - 0x00007ffd64830000 	C:\Program Files\Java\jdk-21\bin\net.dll
0x00007ffd84700000 - 0x00007ffd8481e000 	C:\WINDOWS\SYSTEM32\WINHTTP.dll
0x00007ffd8b680000 - 0x00007ffd8b6eb000 	C:\WINDOWS\system32\mswsock.dll
0x00007ffd64800000 - 0x00007ffd64816000 	C:\Program Files\Java\jdk-21\bin\nio.dll
0x00007ffd5b2f0000 - 0x00007ffd5b2f9000 	C:\Program Files\Java\jdk-21\bin\extnet.dll
0x00007ffd59a50000 - 0x00007ffd59a5e000 	C:\Program Files\Java\jdk-21\bin\sunmscapi.dll
0x00007ffd8ceb0000 - 0x00007ffd8d027000 	C:\WINDOWS\System32\CRYPT32.dll
0x00007ffd8bbc0000 - 0x00007ffd8bbf0000 	C:\WINDOWS\SYSTEM32\ncrypt.dll
0x00007ffd8bb70000 - 0x00007ffd8bbaf000 	C:\WINDOWS\SYSTEM32\NTASN1.dll

dbghelp: loaded successfully - version: 4.0.5 - missing functions: none
symbol engine: initialized successfully - sym options: 0x614 - pdb path: .;C:\Program Files\Java\jdk-21\bin;C:\WINDOWS\SYSTEM32;C:\WINDOWS\WinSxS\amd64_microsoft.windows.common-controls_6595b64144ccf1df_6.0.26100.4768_none_3e0c112ce331287c;C:\Program Files\Java\jdk-21\bin\server

VM Arguments:
jvm_args: -javaagent:C:\Program Files\JetBrains\IntelliJ IDEA Community Edition 2025.1.3\lib\idea_rt.jar=56341 -Dfile.encoding=UTF-8 -Dsun.stdout.encoding=UTF-8 -Dsun.stderr.encoding=UTF-8 
java_command: com.RedditClon_Backend.RedditClon_Backend.RedditClonBackendApplication
java_class_path (initial): C:\Users\leang\OneDrive\Escritorio\Repositorios\RedditClon\RedditClon-Backend\target\classes;C:\Users\leang\.m2\repository\com\h2database\h2\2.3.232\h2-2.3.232.jar;C:\Users\leang\.m2\repository\org\springdoc\springdoc-openapi-starter-webmvc-ui\2.6.0\springdoc-openapi-starter-webmvc-ui-2.6.0.jar;C:\Users\leang\.m2\repository\org\springdoc\springdoc-openapi-starter-webmvc-api\2.6.0\springdoc-openapi-starter-webmvc-api-2.6.0.jar;C:\Users\leang\.m2\repository\org\springdoc\springdoc-openapi-starter-common\2.6.0\springdoc-openapi-starter-common-2.6.0.jar;C:\Users\leang\.m2\repository\io\swagger\core\v3\swagger-core-jakarta\2.2.22\swagger-core-jakarta-2.2.22.jar;C:\Users\leang\.m2\repository\org\apache\commons\commons-lang3\3.17.0\commons-lang3-3.17.0.jar;C:\Users\leang\.m2\repository\io\swagger\core\v3\swagger-annotations-jakarta\2.2.22\swagger-annotations-jakarta-2.2.22.jar;C:\Users\leang\.m2\repository\io\swagger\core\v3\swagger-models-jakarta\2.2.22\swagger-models-jakarta-2.2.22.jar;C:\Users\leang\.m2\repository\com\fasterxml\jackson\dataformat\jackson-dataformat-yaml\2.19.2\jackson-dataformat-yaml-2.19.2.jar;C:\Users\leang\.m2\repository\org\webjars\swagger-ui\5.17.14\swagger-ui-5.17.14.jar;C:\Users\leang\.m2\repository\org\springframework\security\spring-security-core\6.5.3\spring-security-core-6.5.3.jar;C:\Users\leang\.m2\repository\org\springframework\security\spring-security-crypto\6.5.3\spring-security-crypto-6.5.3.jar;C:\Users\leang\.m2\repository\org\springframework\spring-beans\6.2.10\spring-beans-6.2.10.jar;C:\Users\leang\.m2\repository\org\springframework\spring-expression\6.2.10\spring-expression-6.2.10.jar;C:\Users\leang\.m2\repository\org\springframework\security\spring-security-web\6.5.3\spring-security-web-6.5.3.jar;C:\Users\leang\.m2\repository\org\springframework\spring-core\6.2.10\spring-core-6.2.10.jar;C:\Users\leang\.m2\repository\org\springframework\spring-jcl\6.2.10\spring-jcl-6.2.10.jar;C:\Users\leang\.m2\repository\org\springframework\boot\spring-boot-starter-actuator\3.5.5\spring-boot-starter-actuator-3.5.5.jar;C:\Users\leang\.m2\repository\org\springframework\boot\spring-boot-starter\3.5.5\spring-boot-starter-3.5.5.jar;C:\Users\leang\.m2\repository\org\springframework\boot\spring-boot\3.5.5\spring-boot-3.5.5.jar;C:\Users\leang\.m2\repository\org\springframework\boot\spring-boot-autoconfigure\3.5.5\spring-boot-autoconfigure-3.5.5.jar;C:\Users\leang\.m2\repository\org\springframework\boot\spring-boot-starter-logging\3.5.5\spring-boot-starter-logging-3.5.5.jar;C:\Users\leang\.m2\repository\ch\qos\logback\logback-classic\1.5.18\logback-classic-1.5.18.jar;C:\Users\leang\.m2\repository\ch\qos\logback\logback-core\1.5.18\logback-core-1.5.18.jar;C:\Users\leang\.m2\repository\org\apache\logging\log4j\log4j-to-slf4j\2.24.3\log4j-to-slf4j-2.24.3.jar;C:\Users\leang\.m2\repository\org\apache\logging\log4j\log4j-api\2.24.3\log4j-api-2.24.3.jar;C:\Users\leang\.m2\repository\org\slf4j\jul-to-slf4j\2.0.17\jul-to-slf4j-2.0.17.jar;C:\Users\leang\.m2\repository\jakarta\annotation\jakarta.annotation-api\2.1.1\jakarta.annotation-api-2.1.1.jar;C:\Users\leang\.m2\repository\org\yaml\snakeyaml\2.4\snakeyaml-2.4.jar;C:\Users\leang\.m2\repository\org\springframework\boot\spring-boot-actuator-autoconfigure\3.5.5\spring-boot-actuator-autoconfigure-3.5.5.jar;C:\Users\leang\.m2\repository\org\springframework\boot\spring-boot-actuator\3.5.5\spring-boot-actuator-3.5.5.jar;C:\Users\leang\.m2\repository\com\fasterxml\jackson\core\jackson-databind\2.19.2\jackson-databind-2.19.2.jar;C:\Users\leang\.m2\repository\io\micrometer\micrometer-observation\1.15.3\micrometer-observation-1.15.3.jar;C:\Users\leang\.m2\repository\io\micrometer\micrometer-commons\1.15.3\micrometer-commons-1.15.3.jar;C:\Users\leang\.m2\repository\io\micrometer\micrometer-jakarta9\1.15.3\micrometer-jakarta9-1.15.3.jar;C:\Users\leang\.m2\repository\io\micrometer\micrometer-core\1.15.3\micrometer-core-1.15.3.jar;C:\Users\leang\.m2\repository\org\hdrhistogram\HdrHistogram\2.2.2\HdrHistogram-2.2.2.jar;C:\Users\leang\.m2\repository\org\latencyutils\LatencyUtils\2.0.3\LatencyUtils-2.0.3.jar;C:\Users\leang\.m2\repository\org\springframework\boot\spring-boot-starter-data-jpa\3.5.5\spring-boot-starter-data-jpa-3.5.5.jar;C:\Users\leang\.m2\repository\org\springframework\boot\spring-boot-starter-jdbc\3.5.5\spring-boot-starter-jdbc-3.5.5.jar;C:\Users\leang\.m2\repository\com\zaxxer\HikariCP\6.3.2\HikariCP-6.3.2.jar;C:\Users\leang\.m2\repository\org\hibernate\orm\hibernate-core\6.6.26.Final\hibernate-core-6.6.26.Final.jar;C:\Users\leang\.m2\repository\jakarta\persistence\jakarta.persistence-api\3.1.0\jakarta.persistence-api-3.1.0.jar;C:\Users\leang\.m2\repository\jakarta\transaction\jakarta.transaction-api\2.0.1\jakarta.transaction-api-2.0.1.jar;C:\Users\leang\.m2\repository\org\jboss\logging\jboss-logging\3.6.1.Final\jboss-logging-3.6.1.Final.jar;C:\Users\leang\.m2\repository\org\hibernate\common\hibernate-commons-annotations\7.0.3.Final\hibernate-commons-annotations-7.0.3.Final.jar;C:\Users\leang\.m2\repository\io\smallrye\jandex\3.2.0\jandex-3.2.0.jar;C:\Users\leang\.m2\repository\com\fasterxml\classmate\1.7.0\classmate-1.7.0.jar;C:\Users\leang\.m2\repository\net\bytebuddy\byte-buddy\1.17.7\byte-buddy-1.17.7.jar;C:\Users\leang\.m2\repository\org\glassfish\jaxb\jaxb-runtime\4.0.5\jaxb-runtime-4.0.5.jar;C:\Users\leang\.m2\repository\org\glassfish\jaxb\jaxb-core\4.0.5\jaxb-core-4.0.5.jar;C:\Users\leang\.m2\repository\org\eclipse\angus\angus-activation\2.0.2\angus-activation-2.0.2.jar;C:\Users\leang\.m2\repository\org\glassfish\jaxb\txw2\4.0.5\txw2-4.0.5.jar;C:\Users\leang\.m2\repository\com\sun\istack\istack-commons-runtime\4.1.2\istack-commons-runtime-4.1.2.jar;C:\Users\leang\.m2\repository\jakarta\inject\jakarta.inject-api\2.0.1\jakarta.inject-api-2.0.1.jar;C:\Users\leang\.m2\repository\org\antlr\antlr4-runtime\4.13.0\antlr4-runtime-4.13.0.jar;C:\Users\leang\.m2\repository\org\springframework\data\spring-data-jpa\3.5.3\spring-data-jpa-3.5.3.jar;C:\Users\leang\.m2\repository\org\springframework\data\spring-data-commons\3.5.3\spring-data-commons-3.5.3.jar;C:\Users\leang\.m2\repository\org\springframework\spring-orm\6.2.10\spring-orm-6.2.10.jar;C:\Users\leang\.m2\repository\org\springframework\spring-tx\6.2.10\spring-tx-6.2.10.jar;C:\Users\leang\.m2\repository\org\slf4j\slf4j-api\2.0.17\slf4j-api-2.0.17.jar;C:\Users\leang\.m2\repository\org\springframework\spring-aspects\6.2.10\spring-aspects-6.2.10.jar;C:\Users\leang\.m2\repository\org\aspectj\aspectjweaver\1.9.24\aspectjweaver-1.9.24.jar;C:\Users\leang\.m2\repository\org\springframework\boot\spring-boot-starter-security\3.5.5\spring-boot-starter-security-3.5.5.jar;C:\Users\leang\.m2\repository\org\springframework\spring-aop\6.2.10\spring-aop-6.2.10.jar;C:\Users\leang\.m2\repository\org\springframework\security\spring-security-config\6.5.3\spring-security-config-6.5.3.jar;C:\Users\leang\.m2\repository\org\springframework\boot\spring-boot-starter-validation\3.5.5\spring-boot-starter-validation-3.5.5.jar;C:\Users\leang\.m2\repository\org\apache\tomcat\embed\tomcat-embed-el\10.1.44\tomcat-embed-el-10.1.44.jar;C:\Users\leang\.m2\repository\org\hibernate\validator\hibernate-validator\8.0.3.Final\hibernate-validator-8.0.3.Final.jar;C:\Users\leang\.m2\repository\jakarta\validation\jakarta.validation-api\3.0.2\jakarta.validation-api-3.0.2.jar;C:\Users\leang\.m2\repository\org\springframework\boot\spring-boot-starter-web\3.5.5\spring-boot-starter-web-3.5.5.jar;C:\Users\leang\.m2\repository\org\springframework\boot\spring-boot-starter-json\3.5.5\spring-boot-starter-json-3.5.5.jar;C:\Users\leang\.m2\repository\com\fasterxml\jackson\datatype\jackson-datatype-jdk8\2.19.2\jackson-datatype-jdk8-2.19.2.jar;C:\Users\leang\.m2\repository\com\fasterxml\jackson\module\jackson-module-parameter-names\2.19.2\jackson-module-parameter-names-2.19.2.jar;C:\Users\leang\.m2\repository\org\springframework\boot\spring-boot-starter-tomcat\3.5.5\spring-boot-starter-tomcat-3.5.5.jar;C:\Users\leang\.m2\repository\org\apache\tomcat\embed\tomcat-embed-core\10.1.44\tomcat-embed-core-10.1.44.jar;C:\Users\leang\.m2\repository\org\apache\tomcat\embed\tomcat-embed-websocket\10.1.44\tomcat-embed-websocket-10.1.44.jar;C:\Users\leang\.m2\repository\org\springframework\spring-web\6.2.10\spring-web-6.2.10.jar;C:\Users\leang\.m2\repository\org\springframework\spring-webmvc\6.2.10\spring-webmvc-6.2.10.jar;C:\Users\leang\.m2\repository\org\flywaydb\flyway-core\11.7.2\flyway-core-11.7.2.jar;C:\Users\leang\.m2\repository\com\fasterxml\jackson\dataformat\jackson-dataformat-toml\2.19.2\jackson-dataformat-toml-2.19.2.jar;C:\Users\leang\.m2\repository\com\fasterxml\jackson\core\jackson-core\2.19.2\jackson-core-2.19.2.jar;C:\Users\leang\.m2\repository\com\fasterxml\jackson\datatype\jackson-datatype-jsr310\2.19.2\jackson-datatype-jsr310-2.19.2.jar;C:\Users\leang\.m2\repository\com\fasterxml\jackson\core\jackson-annotations\2.19.2\jackson-annotations-2.19.2.jar;C:\Users\leang\.m2\repository\org\flywaydb\flyway-database-postgresql\11.7.2\flyway-database-postgresql-11.7.2.jar;C:\Users\leang\.m2\repository\org\springframework\session\spring-session-jdbc\3.5.2\spring-session-jdbc-3.5.2.jar;C:\Users\leang\.m2\repository\org\springframework\session\spring-session-core\3.5.2\spring-session-core-3.5.2.jar;C:\Users\leang\.m2\repository\org\springframework\spring-context\6.2.10\spring-context-6.2.10.jar;C:\Users\leang\.m2\repository\org\springframework\spring-jdbc\6.2.10\spring-jdbc-6.2.10.jar;C:\Users\leang\.m2\repository\org\postgresql\postgresql\42.7.7\postgresql-42.7.7.jar;C:\Users\leang\.m2\repository\org\checkerframework\checker-qual\3.49.3\checker-qual-3.49.3.jar;C:\Users\leang\.m2\repository\org\projectlombok\lombok\1.18.38\lombok-1.18.38.jar;C:\Users\leang\.m2\repository\jakarta\xml\bind\jakarta.xml.bind-api\4.0.2\jakarta.xml.bind-api-4.0.2.jar;C:\Users\leang\.m2\repository\jakarta\activation\jakarta.activation-api\2.1.3\jakarta.activation-api-2.1.3.jar
Launcher Type: SUN_STANDARD

[Global flags]
     intx CICompilerCount                          = 3                                         {product} {ergonomic}
     uint ConcGCThreads                            = 1                                         {product} {ergonomic}
     uint G1ConcRefinementThreads                  = 4                                         {product} {ergonomic}
   size_t G1HeapRegionSize                         = 2097152                                   {product} {ergonomic}
    uintx GCDrainStackTargetSize                   = 64                                        {product} {ergonomic}
   size_t InitialHeapSize                          = 234881024                                 {product} {ergonomic}
   size_t MarkStackSize                            = 4194304                                   {product} {ergonomic}
   size_t MaxHeapSize                              = 3735027712                                {product} {ergonomic}
   size_t MaxNewSize                               = 2239758336                                {product} {ergonomic}
   size_t MinHeapDeltaBytes                        = 2097152                                   {product} {ergonomic}
   size_t MinHeapSize                              = 8388608                                   {product} {ergonomic}
    uintx NonNMethodCodeHeapSize                   = 5832780                                {pd product} {ergonomic}
    uintx NonProfiledCodeHeapSize                  = 122912730                              {pd product} {ergonomic}
    uintx ProfiledCodeHeapSize                     = 122912730                              {pd product} {ergonomic}
    uintx ReservedCodeCacheSize                    = 251658240                              {pd product} {ergonomic}
     bool SegmentedCodeCache                       = true                                      {product} {ergonomic}
   size_t SoftMaxHeapSize                          = 3735027712                             {manageable} {ergonomic}
     bool UseCompressedOops                        = true                           {product lp64_product} {ergonomic}
     bool UseG1GC                                  = true                                      {product} {ergonomic}
     bool UseLargePagesIndividualAllocation        = false                                  {pd product} {ergonomic}

Logging:
Log output configuration:
 #0: stdout all=warning uptime,level,tags foldmultilines=false
 #1: stderr all=off uptime,level,tags foldmultilines=false

Environment Variables:
JAVA_HOME=C:\Program Files\Java\jdk-24.0.1
PATH=C:\Program Files\Common Files\Oracle\Java\javapath;C:\Program Files\Java\jdk-24.0.1\bin;C:\WINDOWS\system32;C:\WINDOWS;C:\WINDOWS\System32\Wbem;C:\WINDOWS\System32\WindowsPowerShell\v1.0\;C:\WINDOWS\System32\OpenSSH\;C:\Program Files\Git\cmd;C:\Users\leang\AppData\Local\Programs\Python\Python313\Scripts\;C:\Users\leang\AppData\Local\Programs\Python\Python313\;C:\Users\leang\AppData\Local\Programs\Python\Launcher\;C:\Users\leang\AppData\Local\Microsoft\WindowsApps;C:\Users\leang\AppData\Local\Programs\Microsoft VS Code\bin;C:\Program Files\swipl\bin;C:\Program Files\JetBrains\IntelliJ IDEA Community Edition 2025.1.3\bin;
USERNAME=leang
OS=Windows_NT
PROCESSOR_IDENTIFIER=AMD64 Family 23 Model 24 Stepping 1, AuthenticAMD
TMP=C:\Users\leang\AppData\Local\Temp
TEMP=C:\Users\leang\AppData\Local\Temp




Periodic native trim disabled

---------------  S Y S T E M  ---------------

OS:
 Windows 11 , 64 bit Build 26100 (10.0.26100.4768)
OS uptime: 0 days 1:54 hours
Hyper-V role detected

CPU: total 4 (initial active 4) (4 cores per cpu, 1 threads per core) family 23 model 24 stepping 1 microcode 0x8108109, cx8, cmov, fxsr, mmx, 3dnowpref, sse, sse2, sse3, ssse3, sse4a, sse4.1, sse4.2, popcnt, lzcnt, tsc, tscinvbit, avx, avx2, aes, clmul, bmi1, bmi2, adx, sha, fma, vzeroupper, clflush, clflushopt, hv, rdtscp, f16c
Processor Information for all 4 processors :
  Max Mhz: 3600, Current Mhz: 3600, Mhz Limit: 3600

Memory: 4k page, system-wide physical 14246M (5059M free)
TotalPageFile size 15142M (AvailPageFile size 3408M)
current process WorkingSet (physical memory assigned to process): 169M, peak: 169M
current process commit charge ("private bytes"): 206M, peak: 357M

vm_info: Java HotSpot(TM) 64-Bit Server VM (21.0.8+12-LTS-250) for windows-amd64 JRE (21.0.8+12-LTS-250), built on 2025-06-27T08:11:22Z by "mach5one" with MS VC++ 17.6 (VS2022)

END.
